// Jest Snapshot v1, https://goo.gl/fbAQLP

exports[`user when a user does exist returns the user 1`] = `
Object {
  "id": Any<String>,
  "profiles": Array [
    Object {
      "name": "default",
    },
  ],
  "username": "test",
}
`;

exports[`user when a user does not exist should create one with a default profile 1`] = `
Object {
  "id": Any<String>,
  "profiles": Array [
    Object {
      "name": "default",
    },
  ],
  "username": "test",
}
`;
